// Jest Snapshot v1, https://goo.gl/fbAQLP

exports[`renders correctly 1`] = `
<RNCSafeAreaProvider
  onInsetsChange={[Function]}
  style={
    Array [
      Object {
        "flex": 1,
      },
      undefined,
    ]
  }
>
  <View
    bg="darkBlue.600"
    justifyContent="center"
    p={4}
    rounded="md"
    style={
      Array [
        Object {
          "backgroundColor": "#005db4",
          "borderRadius": 4,
          "justifyContent": "center",
          "paddingBottom": 16,
          "paddingLeft": 16,
          "paddingRight": 16,
          "paddingTop": 16,
          "width": "80%",
        },
      ]
    }
    w="80%"
  >
    <View
      flexDirection="row"
      mb={4}
      style={
        Array [
          Object {
            "flexDirection": "row",
            "marginBottom": 16,
          },
        ]
      }
    >
      <View
        flex={1}
        style={
          Array [
            Object {
              "flexBasis": 0,
              "flexGrow": 1,
              "flexShrink": 1,
            },
          ]
        }
      >
        <View
          bg="gray.100"
          h="9px"
          rounded="pill"
          style={
            Array [
              Object {
                "backgroundColor": "#f4f4f5",
                "borderRadius": 25,
                "height": 9,
                "width": "80%",
              },
            ]
          }
          w="80%"
        />
        <View
          height={1}
          style={
            Array [
              Object {
                "height": 4,
              },
            ]
          }
        />
        <View
          bg="gray.100"
          h="9px"
          rounded="pill"
          style={
            Array [
              Object {
                "backgroundColor": "#f4f4f5",
                "borderRadius": 25,
                "height": 9,
                "width": "40%",
              },
            ]
          }
          w="40%"
        />
      </View>
    </View>
    <View
      style={
        Array [
          Object {},
        ]
      }
    />
    <View
      flexDirection="row"
      justifyContent="flex-end"
      mt={4}
      style={
        Array [
          Object {
            "flexDirection": "row",
            "justifyContent": "flex-end",
            "marginTop": 16,
          },
        ]
      }
    >
      <View
        bg="green.400"
        overflow="hidden"
        p={2}
        px={3}
        rounded="lg"
        style={
          Array [
            Object {
              "backgroundColor": "#4ade80",
              "borderRadius": 6,
              "overflow": "hidden",
              "paddingBottom": 8,
              "paddingLeft": 12,
              "paddingRight": 12,
              "paddingTop": 8,
              "width": "40%",
            },
          ]
        }
        w="40%"
      >
        <View
          bg="green.700"
          opacity={0.6}
          position="absolute"
          right="-52"
          rounded="full"
          size={20}
          style={
            Array [
              Object {
                "backgroundColor": "#15803d",
                "borderRadius": 9999,
                "height": 80,
                "opacity": 0.6,
                "position": "absolute",
                "right": -52,
                "top": -10,
                "width": 80,
                "zIndex": -1,
              },
            ]
          }
          top="-10"
          zIndex={-1}
        />
        <View
          bg="gray.100"
          h="7px"
          rounded="pill"
          style={
            Array [
              Object {
                "backgroundColor": "#f4f4f5",
                "borderRadius": 25,
                "height": 7,
              },
            ]
          }
        />
      </View>
      <View
        style={
          Array [
            Object {
              "width": 8,
            },
          ]
        }
        width={2}
      />
      <View
        bg="red.400"
        overflow="hidden"
        p={2}
        px={3}
        rounded="lg"
        style={
          Array [
            Object {
              "backgroundColor": "#f87171",
              "borderRadius": 6,
              "overflow": "hidden",
              "paddingBottom": 8,
              "paddingLeft": 12,
              "paddingRight": 12,
              "paddingTop": 8,
              "width": "40%",
            },
          ]
        }
        w="40%"
      >
        <View
          bg="red.700"
          opacity={0.6}
          position="absolute"
          right="-52"
          rounded="full"
          size={20}
          style={
            Array [
              Object {
                "backgroundColor": "#b91c1c",
                "borderRadius": 9999,
                "height": 80,
                "opacity": 0.6,
                "position": "absolute",
                "right": -52,
                "top": -10,
                "width": 80,
                "zIndex": -1,
              },
            ]
          }
          top="-10"
          zIndex={-1}
        />
        <View
          bg="gray.100"
          h="7px"
          rounded="pill"
          style={
            Array [
              Object {
                "backgroundColor": "#f4f4f5",
                "borderRadius": 25,
                "height": 7,
              },
            ]
          }
        />
      </View>
    </View>
  </View>
</RNCSafeAreaProvider>
`;
