// Jest Snapshot v1, https://goo.gl/fbAQLP

exports[`renders correctly 1`] = `
<RNCSafeAreaProvider
  onInsetsChange={[Function]}
  style={
    Array [
      Object {
        "flex": 1,
      },
      undefined,
    ]
  }
>
  <View
    alignItems="center"
    bg="blue.400"
    borderColor="white"
    borderRadius="full"
    fontSize="xl"
    height="16"
    justifyContent="center"
    name="avatar"
    position="relative"
    style={
      Array [
        Object {
          "alignItems": "center",
          "backgroundColor": "#60a5fa",
          "borderColor": "#FFFFFF",
          "borderRadius": 9999,
          "fontSize": 20,
          "height": 64,
          "justifyContent": "center",
          "position": "relative",
          "width": 64,
        },
      ]
    }
    width="16"
  >
    <Text
      color="lightText"
      fontSize="lg"
      fontStyle="normal"
      fontWeight={600}
      opacity={0}
      style={
        Array [
          Object {
            "color": "#FFFFFF",
            "fontSize": 18,
            "fontStyle": "normal",
            "fontWeight": "600",
            "opacity": 0,
          },
        ]
      }
    >
      NB
    </Text>
    <View
      bg="green.400"
      borderColor="gray.800"
      borderRadius="full"
      borderWidth={0}
      bottom={0}
      height={5}
      position="absolute"
      right={0}
      style={
        Array [
          Object {
            "backgroundColor": "#4ade80",
            "borderColor": "#27272a",
            "borderRadius": 9999,
            "borderWidth": 0,
            "bottom": 0,
            "height": 20,
            "position": "absolute",
            "right": 0,
            "width": 20,
          },
        ]
      }
      width={5}
    />
  </View>
</RNCSafeAreaProvider>
`;
