// Jest Snapshot v1, https://goo.gl/fbAQLP

exports[`renders correctly 1`] = `
<RNCSafeAreaProvider
  onInsetsChange={[Function]}
  style={
    Array [
      Object {
        "flex": 1,
      },
      undefined,
    ]
  }
>
  <View
    bg="emerald.300"
    overflow="hidden"
    position="relative"
    rounded="lg"
    size={20}
    style={
      Array [
        Object {
          "backgroundColor": "#6ee7b7",
          "borderRadius": 6,
          "height": 80,
          "overflow": "hidden",
          "position": "relative",
          "width": "70%",
        },
      ]
    }
    w="70%"
  >
    <View
      bg="emerald.500"
      left={-1}
      opacity={0.6}
      position="absolute"
      rounded="full"
      size={10}
      style={
        Array [
          Object {
            "backgroundColor": "#10b981",
            "borderRadius": 9999,
            "height": 40,
            "left": -1,
            "opacity": 0.6,
            "position": "absolute",
            "top": 4,
            "width": 40,
            "zIndex": -1,
          },
        ]
      }
      top={1}
      zIndex={-1}
    />
    <View
      bg="emerald.500"
      position="absolute"
      right={-3}
      rounded="full"
      size={7}
      style={
        Array [
          Object {
            "backgroundColor": "#10b981",
            "borderRadius": 9999,
            "height": 28,
            "position": "absolute",
            "right": -3,
            "top": 20,
            "width": 28,
            "zIndex": -1,
          },
        ]
      }
      top={5}
      zIndex={-1}
    />
    <View
      bg="emerald.500"
      left={10}
      opacity={0.6}
      position="absolute"
      size={40}
      style={
        Array [
          Object {
            "backgroundColor": "#10b981",
            "height": 160,
            "left": 40,
            "opacity": 0.6,
            "position": "absolute",
            "top": 4,
            "width": 160,
            "zIndex": -1,
          },
          Object {
            "transform": Array [
              Object {
                "rotate": "45deg",
              },
            ],
          },
        ]
      }
      top={1}
      zIndex={-1}
    />
    <View
      bg="emerald.300"
      bottom={-20}
      opacity={0.6}
      position="absolute"
      right={5}
      size={10}
      style={
        Array [
          Object {
            "backgroundColor": "#6ee7b7",
            "bottom": -20,
            "height": 40,
            "opacity": 0.6,
            "position": "absolute",
            "right": 20,
            "width": 40,
            "zIndex": -1,
          },
          Object {
            "transform": Array [
              Object {
                "rotate": "45deg",
              },
            ],
          },
        ]
      }
      zIndex={-1}
    />
  </View>
</RNCSafeAreaProvider>
`;
